// Jest Snapshot v1, https://goo.gl/fbAQLP

exports[`Pruebas en <GifItem /> Deberia hacer match con el snapshot 1`] = `
<div>
  <div
    class="card"
  >
    <img
      alt="Pruebas"
      src="https://tenor.com/hIiAum6gFkk.gif"
    />
    <p>
      Pruebas
    </p>
  </div>
</div>
`;
